2026-07-05T19:51:41.504+05:30  INFO 16772 --- [restartedMain] com.primebasket.User.UserApplication     : Starting UserApplication using Java 17.0.12 with PID 16772 (C:\Users\HP\Desktop\Spring\User\target\classes started by HP in C:\Users\HP\Desktop\Spring\User)
2026-07-05T19:51:41.527+05:30  INFO 16772 --- [restartedMain] com.primebasket.User.UserApplication     : No active profile set, falling back to 1 default profile: "default"
2026-07-05T19:51:41.676+05:30  INFO 16772 --- [restartedMain] .e.DevToolsPropertyDefaultsPostProcessor : Devtools property defaults active! Set 'spring.devtools.add-properties' to 'false' to disable
2026-07-05T19:51:41.678+05:30  INFO 16772 --- [restartedMain] .e.DevToolsPropertyDefaultsPostProcessor : For additional web related logging consider setting the 'logging.level.web' property to 'DEBUG'
2026-07-05T19:51:42.883+05:30  INFO 16772 --- [restartedMain] .s.d.r.c.RepositoryConfigurationDelegate : Bootstrapping Spring Data JPA repositories in DEFAULT mode.
2026-07-05T19:51:42.977+05:30  INFO 16772 --- [restartedMain] .s.d.r.c.RepositoryConfigurationDelegate : Finished Spring Data repository scanning in 77 ms. Found 1 JPA repository interface.
2026-07-05T19:51:43.917+05:30  INFO 16772 --- [restartedMain] o.s.boot.tomcat.TomcatWebServer          : Tomcat initialized with port 8080 (http)
2026-07-05T19:51:43.942+05:30  INFO 16772 --- [restartedMain] o.apache.catalina.core.StandardService   : Starting service [Tomcat]
2026-07-05T19:51:43.943+05:30  INFO 16772 --- [restartedMain] o.apache.catalina.core.StandardEngine    : Starting Servlet engine: [Apache Tomcat/11.0.22]
2026-07-05T19:51:44.035+05:30  INFO 16772 --- [restartedMain] b.w.c.s.WebApplicationContextInitializer : Root WebApplicationContext: initialization completed in 2355 ms
2026-07-05T19:51:44.393+05:30  INFO 16772 --- [restartedMain] org.hibernate.orm.jpa                    : HHH008540: Processing PersistenceUnitInfo [name: default]
2026-07-05T19:51:44.513+05:30  INFO 16772 --- [restartedMain] org.hibernate.orm.core                   : HHH000001: Hibernate ORM core version 7.4.1.Final
2026-07-05T19:51:45.430+05:30  INFO 16772 --- [restartedMain] o.s.o.j.p.SpringPersistenceUnitInfo      : No LoadTimeWeaver setup: ignoring JPA class transformer
2026-07-05T19:51:45.496+05:30  INFO 16772 --- [restartedMain] com.zaxxer.hikari.HikariDataSource       : HikariPool-1 - Starting...
2026-07-05T19:51:46.058+05:30  INFO 16772 --- [restartedMain] com.zaxxer.hikari.pool.HikariPool        : HikariPool-1 - Added connection com.mysql.cj.jdbc.ConnectionImpl@612a71a6
2026-07-05T19:51:46.062+05:30  INFO 16772 --- [restartedMain] com.zaxxer.hikari.HikariDataSource       : HikariPool-1 - Start completed.
2026-07-05T19:51:46.241+05:30  INFO 16772 --- [restartedMain] org.hibernate.orm.connections.pooling    : HHH10001005: Database info:
	Database JDBC URL [jdbc:mysql://localhost:3306/prime_basket]
	Database driver: MySQL Connector/J
	Database dialect: MySQLDialect
	Database version: 8.0.39
	Default catalog/schema: prime_basket/undefined
	Autocommit mode: undefined/unknown
	Isolation level: REPEATABLE_READ [default REPEATABLE_READ]
	JDBC fetch size: none
	Pool: DataSourceConnectionProvider
	Minimum pool size: undefined/unknown
	Maximum pool size: undefined/unknown
2026-07-05T19:51:47.859+05:30  INFO 16772 --- [restartedMain] org.hibernate.orm.core                   : HHH000489: No JTA platform available (set 'hibernate.transaction.jta.platform' to enable JTA platform integration)
2026-07-05T19:51:47.985+05:30  INFO 16772 --- [restartedMain] j.LocalContainerEntityManagerFactoryBean : Initialized JPA EntityManagerFactory for persistence unit 'default'
2026-07-05T19:51:48.152+05:30  INFO 16772 --- [restartedMain] o.s.d.j.r.query.QueryEnhancerFactories   : Hibernate is in classpath; If applicable, HQL parser will be used.
2026-07-05T19:51:48.348+05:30  WARN 16772 --- [restartedMain] JpaBaseConfiguration$JpaWebConfiguration : spring.jpa.open-in-view is enabled by default. Therefore, database queries may be performed during view rendering. Explicitly configure spring.jpa.open-in-view to disable this warning
2026-07-05T19:51:48.908+05:30  INFO 16772 --- [restartedMain] o.s.boot.tomcat.TomcatWebServer          : Tomcat started on port 8080 (http) with context path '/'
2026-07-05T19:51:48.916+05:30  INFO 16772 --- [restartedMain] com.primebasket.User.UserApplication     : Started UserApplication in 8.295 seconds (process running for 9.643)
2026-07-05T19:55:50.297+05:30  INFO 16772 --- [http-nio-8080-exec-1] o.a.c.c.C.[Tomcat].[localhost].[/]       : Initializing Spring DispatcherServlet 'dispatcherServlet'
2026-07-05T19:55:50.298+05:30  INFO 16772 --- [http-nio-8080-exec-1] o.s.web.servlet.DispatcherServlet        : Initializing Servlet 'dispatcherServlet'
2026-07-05T19:55:50.300+05:30  INFO 16772 --- [http-nio-8080-exec-1] o.s.web.servlet.DispatcherServlet        : Completed initialization in 2 ms
2026-07-05T19:55:50.543+05:30  WARN 16772 --- [http-nio-8080-exec-1] .w.s.m.s.DefaultHandlerExceptionResolver : Resolved [org.springframework.http.converter.HttpMessageNotReadableException: Required request body is missing: public org.springframework.http.ResponseEntity<java.lang.String> com.primebasket.User.controller.UserController.createNewUser(com.primebasket.User.dto.UserRequestDto)]
2026-07-05T20:03:47.251+05:30  INFO 16772 --- [SpringApplicationShutdownHook] o.s.boot.tomcat.GracefulShutdown         : Commencing graceful shutdown. Waiting for active requests to complete
2026-07-05T20:03:47.358+05:30  INFO 16772 --- [tomcat-shutdown] o.s.boot.tomcat.GracefulShutdown         : Graceful shutdown complete
2026-07-05T20:03:47.363+05:30  INFO 16772 --- [SpringApplicationShutdownHook] j.LocalContainerEntityManagerFactoryBean : Closing JPA EntityManagerFactory for persistence unit 'default'
2026-07-05T20:03:47.372+05:30  INFO 16772 --- [SpringApplicationShutdownHook] com.zaxxer.hikari.HikariDataSource       : HikariPool-1 - Shutdown initiated...
2026-07-05T20:03:47.393+05:30  INFO 16772 --- [SpringApplicationShutdownHook] com.zaxxer.hikari.HikariDataSource       : HikariPool-1 - Shutdown completed.
